// Jest Snapshot v1, https://goo.gl/fbAQLP

exports[`renders without crashing 1`] = `
<WithStyles(ForwardRef(Container))
  className="Container"
>
  <Routes />
</WithStyles(ForwardRef(Container))>
`;
